Command: C:\Espressif\tools\python\v6.0.1\venv\Scripts\python.exe C:\Espressif\esp\v6.0.1\esp-idf\tools/idf_monitor.py -p COM3 -b 115200 --toolchain-prefix xtensa-esp32-elf- --target esp32 --revision 0 D:\Personal\Studying\Embedded_Programming\ESP-WROOM-32\smart_farm_esp32\build\smart_farm_esp32.elf D:\Personal\Studying\Embedded_Programming\ESP-WROOM-32\smart_farm_esp32\build\bootloader\bootloader.elf --force-color -m 'C:\Espressif\tools\python\v6.0.1\venv\Scripts\python.exe' 'C:\Espressif\esp\v6.0.1\esp-idf\tools\idf.py'
.�2: SPI Flash Size : 2MB
[0;32mI (42) boot: Enabling RNG early entropy source...[0m
[0;32mI (47) boot: Partition Table:[0m
[0;32mI (49) boot: ## Label            Usage          Type ST Offset   Lengt�ets Jul 29 2019 12:21:46[0m

rst:0x1 (POWERON_RESET),boot:0x13 (SPI_FAST_FLASH_BOOT)
configsip: 0, SPIWP:0xee
clk_drv:0x00,q_drv:0x00,d_drv:0x00,cs0_drv:0x00,hd_drv:0x00,wp_drv:0x00
mode:DIO, clock div:2
load:0x3fff0040,len:6272
load:0x40078000,len:15848
load:0x40080400,len:3920
entry 0x40080644
[0;32mI (27) boot: ESP-IDF v6.0.1 2nd stage bootloader[0m
[0;32mI (27) boot: compile time Jun 11 2026 15:14:35[0m
[0;32mI (27) boot: Multicore bootloader[0m
[0;32mI (29) boot: chip revision: v3.0[0m
[0;32mI (32) boot.esp32: SPI Speed      : 40MHz[0m
[0;32mI (35) boot.esp32: SPI Mode       : DIO[0m
[0;32mI (39) boot.esp32: SPI Flash Size : 2MB[0m
[0;32mI (42) boot: Enabling RNG early entropy source...[0m
[0;32mI (47) boot: Partition Table:[0m
[0;32mI (49) boot: ## Label            Usage          Type ST Offset   Length[0m
[0;32mI (56) boot:  0 nvs              WiFi data        01 02 00009000 00006000[0m
[0;32mI (62) boot:  1 phy_init         RF data          01 01 0000f000 00001000[0m
[0;32mI (69) boot:  2 factory          factory app      00 00 00010000 00100000[0m
[0;32mI (75) boot: End of partition table[0m
[0;32mI (79) esp_image: segment 0: paddr=00010020 vaddr=3f400020 size=277a0h (161696) map[0m
[0;32mI (144) esp_image: segment 1: paddr=000377c8 vaddr=3ffb0000 size=043b8h ( 17336) load[0m
[0;32mI (151) esp_image: segment 2: paddr=0003bb88 vaddr=40080000 size=04490h ( 17552) load[0m
[0;32mI (158) esp_image: segment 3: paddr=00040020 vaddr=400d0020 size=9f49ch (652444) map[0m
[0;32mI (391) esp_image: segment 4: paddr=000df4c4 vaddr=40084490 size=10398h ( 66456) load[0m
[0;32mI (418) esp_image: segment 5: paddr=000ef864 vaddr=50000000 size=00028h (    40) load[0m
[0;32mI (429) boot: Loaded app from partition at offset 0x10000[0m
[0;32mI (429) boot: Disabling RNG early entropy source...[0m
[0;32mI (439) cpu_start: Multicore app[0m
[0;32mI (447) cpu_start: GPIO 3 and 1 are used as console UART I/O pins[0m
[0;32mI (448) cpu_start: Pro cpu start user code[0m
[0;32mI (448) cpu_start: cpu freq: 160000000 Hz[0m
[0;32mI (450) app_init: Application information:[0m
[0;32mI (453) app_init: Project name:     smart_farm_esp32[0m
[0;32mI (458) app_init: App version:      1[0m
[0;32mI (461) app_init: Compile time:     Jun 11 2026 15:12:52[0m
[0;32mI (466) app_init: ELF file SHA256:  b27f76e93...[0m
[0;32mI (471) app_init: ESP-IDF:          v6.0.1[0m
[0;32mI (475) efuse_init: Min chip rev:     v0.0[0m
[0;32mI (478) efuse_init: Max chip rev:     v3.99 [0m
[0;32mI (482) efuse_init: Chip rev:         v3.0[0m
[0;32mI (487) heap_init: Initializing. RAM available for dynamic allocation:[0m
[0;32mI (493) heap_init: At 3FFAE6E0 len 00001920 (6 KiB): DRAM[0m
[0;32mI (498) heap_init: At 3FFB8DF0 len 00027210 (156 KiB): DRAM[0m
[0;32mI (503) heap_init: At 3FFE0440 len 00003AE0 (14 KiB): D/IRAM[0m
[0;32mI (508) heap_init: At 3FFE4350 len 0001BCB0 (111 KiB): D/IRAM[0m
[0;32mI (514) heap_init: At 40094828 len 0000B7D8 (45 KiB): IRAM[0m
[0;32mI (520) spi_flash: detected chip: generic[0m
[0;32mI (523) spi_flash: flash io: dio[0m
[0;33mW (526) spi_flash: Detected size(4096k) larger than the size in the binary image header(2048k). Using the size in the binary image header.[0m
[0;32mI (539) main_task: Started on CPU0[0m
[0;32mI (542) main_task: Calling app_main()[0m
[0;32mI (544) MAIN: ========================================[0m
[0;32mI (548) MAIN:  Smart Farm ESP32 Gateway  v1.0.0[0m
[0;32mI (553) MAIN:  ESP-IDF v6.0.1[0m
[0;32mI (555) MAIN:  Deep-sleep mode: DISABLED[0m
[0;32mI (559) MAIN: ========================================[0m
[0;32mI (610) MAIN: NVS initialised[0m
[0;32mI (612) SENSOR_STORE: Sensor store ready[0m
[0;32mI (613) uart: queue free spaces: 10[0m
[0;32mI (614) UART_HANDLER: UART2 ready: TX=GPIO17 RX=GPIO16 BAUD=115200[0m
[0;32mI (614) UART_HANDLER: RX task started on core 1[0m
[0;32mI (618) wifi:wifi driver task: 3ffc275c, prio:23, stack:6656, core=0[0m
[0;32mI (645) wifi:wifi firmware version: b37c951[0m
[0;32mI (645) wifi:wifi certification version: v7.0[0m
[0;32mI (645) wifi:config NVS flash: enabled[0m
[0;32mI (646) wifi:config nano formatting: disabled[0m
[0;32mI (650) wifi:Init data frame dynamic rx buffer num: 8[0m
[0;32mI (655) wifi:Init static rx mgmt buffer num: 5[0m
[0;32mI (659) wifi:Init management short buffer num: 32[0m
[0;32mI (663) wifi:Init dynamic tx buffer num: 32[0m
[0;32mI (667) wifi:Init static rx buffer size: 1600[0m
[0;32mI (671) wifi:Init static rx buffer num: 4[0m
[0;32mI (675) wifi:Init dynamic rx buffer num: 8[0m
[0;32mI (680) wifi_init: rx ba win: 6[0m
[0;32mI (681) wifi_init: accept mbox: 6[0m
[0;32mI (684) wifi_init: tcpip mbox: 32[0m
[0;32mI (687) wifi_init: udp mbox: 6[0m
[0;32mI (690) wifi_init: tcp mbox: 6[0m
[0;32mI (693) wifi_init: tcp tx win: 5760[0m
[0;32mI (696) wifi_init: tcp rx win: 5760[0m
[0;32mI (699) wifi_init: tcp mss: 1440[0m
[0;32mI (702) wifi_init: WiFi IRAM OP enabled[0m
[0;32mI (706) wifi_init: WiFi RX IRAM OP enabled[0m
[0;32mI (712) phy_init: phy_version 4863,a3a4459,Oct 28 2025,14:30:06[0m
[0;32mI (793) wifi:mode : sta (78:21:84:9d:ef:2c)[0m
[0;32mI (793) wifi:enable tsf[0m
[0;32mI (797) WIFI_MANAGER: STA started, connecting to "iPhone 14"...[0m
[0;32mI (812) wifi:new:<6,0>, old:<1,0>, ap:<255,255>, sta:<6,0>, prof:1, snd_ch_cfg:0x0[0m
[0;32mI (813) wifi:state: init -> auth (0xb0)[0m
[0;32mI (824) wifi:state: auth -> assoc (0x0)[0m
[0;32mI (835) wifi:state: assoc -> run (0x10)[0m
[0;32mI (873) wifi:connected with iPhone 14, aid = 2, channel 6, BW20, bssid = 7e:56:c1:d2:37:b2[0m
[0;32mI (874) wifi:security: WPA2-PSK, phy: bgn, rssi: -48, cipher(pairwise:0x3, group:0x3), pmf:0[0m
[0;32mI (883) wifi:pm start, type: 1[0m

[0;32mI (883) wifi:dp: 1, bi: 102400, li: 3, scale listen interval from 307200 us to 307200 us[0m
[0;32mI (894) WIFI_MANAGER: Associated with AP[0m
[0;32mI (1044) wifi:AP's beacon interval = 102400 us, DTIM period = 1[0m
[0;32mI (2064) esp_netif_handlers: sta ip: 172.20.10.10, mask: 255.255.255.240, gw: 172.20.10.1[0m
[0;32mI (2065) WIFI_MANAGER: Got IP address: 172.20.10.10[0m
[0;32mI (2066) WIFI_MANAGER: Wi-Fi connected successfully[0m
[0;32mI (2077) MQTT_HANDLER: MQTT client started → mqtt://broker.emqx.io:1883 (id=esp32_smart_farm_001)[0m
[0;32mI (2087) WEB_SERVER: HTTP server started on port 80[0m
[0;32mI (2088) WEB_SERVER: Dashboard → http://<ESP32_IP>/[0m
[0;32mI (2089) MAIN: Entering normal publish loop (1 s interval)[0m
[0;32mI (2089) wifi:<ba-add>idx:0 (ifx:0, 7e:56:c1:d2:37:b2), tid:0, ssn:2, winSize:64[0m
[0;32mI (5358) MQTT_HANDLER: Connected to broker: mqtt://broker.emqx.io:1883[0m
[0;32mI (5364) MQTT_HANDLER: Subscribed to command topics[0m
[1;31mE (264944) mqtt_client: esp_mqtt_handle_transport_read_error: transport_read(): EOF[0m
[1;31mE (264944) mqtt_client: esp_mqtt_handle_transport_read_error: transport_read() error: errno=128[0m
[1;31mE (264949) MQTT_HANDLER: TCP transport error: errno=32776[0m
[1;31mE (264954) mqtt_client: mqtt_process_receive: mqtt_message_receive() returned -2[0m
[0;33mW (264963) MQTT_HANDLER: Disconnected from broker (auto-reconnect active)[0m
[0;32mI (270990) MQTT_HANDLER: Connected to broker: mqtt://broker.emqx.io:1883[0m
[0;32mI (270998) MQTT_HANDLER: Subscribed to command topics[0m
[1;31mE (273238) mqtt_client: esp_mqtt_handle_transport_read_error: transport_read(): EOF[0m
[1;31mE (273238) mqtt_client: esp_mqtt_handle_transport_read_error: transport_read() error: errno=128[0m
[1;31mE (273243) MQTT_HANDLER: TCP transport error: errno=32776[0m
[1;31mE (273248) mqtt_client: mqtt_process_receive: mqtt_message_receive() returned -2[0m
[0;33mW (273258) MQTT_HANDLER: Disconnected from broker (auto-reconnect active)[0m
[0;32mI (279179) MQTT_HANDLER: Connected to broker: mqtt://broker.emqx.io:1883[0m
[0;32mI (279188) MQTT_HANDLER: Subscribed to command topics[0m
[1;31mE (281433) mqtt_client: esp_mqtt_handle_transport_read_error: transport_read(): EOF[0m
[1;31mE (281433) mqtt_client: esp_mqtt_handle_transport_read_error: transport_read() error: errno=128[0m
[1;31mE (281438) MQTT_HANDLER: TCP transport error: errno=32776[0m
[1;31mE (281443) mqtt_client: mqtt_process_receive: mqtt_message_receive() returned -2[0m
[0;33mW (281451) MQTT_HANDLER: Disconnected from broker (auto-reconnect active)[0m
[0;32mI (287475) MQTT_HANDLER: Connected to broker: mqtt://broker.emqx.io:1883[0m
[0;32mI (287484) MQTT_HANDLER: Subscribed to command topics[0m
[1;31mE (289420) mqtt_client: esp_mqtt_handle_transport_read_error: transport_read(): EOF[0m
[1;31mE (289420) mqtt_client: esp_mqtt_handle_transport_read_error: transport_read() error: errno=128[0m
[1;31mE (289425) MQTT_HANDLER: TCP transport error: errno=32776[0m
[1;31mE (289430) mqtt_client: mqtt_process_receive: mqtt_message_receive() returned -2[0m
[0;33mW (289440) MQTT_HANDLER: Disconnected from broker (auto-reconnect active)[0m
[0;32mI (295256) MQTT_HANDLER: Connected to broker: mqtt://broker.emqx.io:1883[0m
[0;32mI (295263) MQTT_HANDLER: Subscribed to command topics[0m
ets Jul 29 2019 12:21:46

rst:0x1 (POWERON_RESET),boot:0x13 (SPI_FAST_FLASH_BOOT)
configsip: 0, SPIWP:0xee
clk_drv:0x00,q_drv:0x00,d_drv:0x00,cs0_drv:0x00,hd_drv:0x00,wp_drv:0x00
mode:DIO, clock div:2
load:0x3fff0040,len:6272
load:0x40078000,len:15848
load:0x40080400,len:3920
entry 0x40080644
[0;32mI (27) boot: ESP-IDF v6.0.1 2nd stage bootloader[0m
[0;32mI (27) boot: compile time Jun 11 2026 15:14:35[0m
[0;32mI (28) boot: Multicore bootloader[0m
[0;32mI (29) boot: chip revision: v3.0[0m
[0;32mI (32) boot.esp32: SPI Speed      : 40MHz[0m
[0;32mI (35) boot.esp32: SPI Mode       : DIO[0m
[0;32mI (39) boot.esp32: SPI Flash Size : 2MB[0m
[0;32mI (42) boot: Enabling RNG early entropy source...[0m
[0;32mI (47) boot: Partition Table:[0m
[0;32mI (49) boot: ## Label            Usage          Type ST Offset   Length[0m
[0;32mI (56) boot:  0 nvs              WiFi data        01 02 00009000 00006000[0m
[0;32mI (62) boot:  1 phy_init         RF data          01 01 0000f000 00001000[0m
[0;32mI (69) boot:  2 factory          factory app      00 00 00010000 00100000[0m
[0;32mI (75) boot: End of partition table[0m
[0;32mI (79) esp_image: segment 0: paddr=00010020 vaddr=3f400020 size=277a0h (161696) map[0m
[0;32mI (144) esp_image: segment 1: paddr=000377c8 vaddr=3ffb0000 size=043b8h ( 17336) load[0m
[0;32mI (151) esp_image: segment 2: paddr=0003bb88 vaddr=40080000 size=04490h ( 17552) load[0m
[0;32mI (158) esp_image: segment 3: paddr=00040020 vaddr=400d0020 size=9f49ch (652444) map[0m
[0;32mI (391) esp_image: segment 4: paddr=000df4c4 vaddr=40084490 size=10398h ( 66456) load[0m
[0;32mI (418) esp_image: segment 5: paddr=000ef864 vaddr=50000000 size=00028h (    40) load[0m
[0;32mI (429) boot: Loaded app from partition at offset 0x10000[0m
[0;32mI (429) boot: Disabling RNG early entropy source...[0m
[0;32mI (439) cpu_start: Multicore app[0m
[0;32mI (447) cpu_start: GPIO 3 and 1 are used as console UART I/O pins[0m
[0;32mI (448) cpu_start: Pro cpu start user code[0m
[0;32mI (448) cpu_start: cpu freq: 160000000 Hz[0m
[0;32mI (450) app_init: Application information:[0m
[0;32mI (453) app_init: Project name:     smart_farm_esp32[0m
[0;32mI (458) app_init: App version:      1[0m
[0;32mI (461) app_init: Compile time:     Jun 11 2026 15:12:52[0m
[0;32mI (466) app_init: ELF file SHA256:  b27f76e93...[0m
[0;32mI (471) app_init: ESP-IDF:          v6.0.1[0m
[0;32mI (475) efuse_init: Min chip rev:     v0.0[0m
[0;32mI (478) efuse_init: Max chip rev:     v3.99 [0m
[0;32mI (482) efuse_init: Chip rev:         v3.0[0m
[0;32mI (487) heap_init: Initializing. RAM available for dynamic allocation:[0m
[0;32mI (493) heap_init: At 3FFAE6E0 len 00001920 (6 KiB): DRAM[0m
[0;32mI (498) heap_init: At 3FFB8DF0 len 00027210 (156 KiB): DRAM[0m
[0;32mI (503) heap_init: At 3FFE0440 len 00003AE0 (14 KiB): D/IRAM[0m
[0;32mI (508) heap_init: At 3FFE4350 len 0001BCB0 (111 KiB): D/IRAM[0m
[0;32mI (514) heap_init: At 40094828 len 0000B7D8 (45 KiB): IRAM[0m
[0;32mI (520) spi_flash: detected chip: generic[0m
[0;32mI (523) spi_flash: flash io: dio[0m
[0;33mW (526) spi_flash: Detected size(4096k) larger than the size in the binary image header(2048k). Using the size in the binary image header.[0m
[0;32mI (539) main_task: Started on CPU0[0m
[0;32mI (542) main_task: Calling app_main()[0m
[0;32mI (544) MAIN: ========================================[0m
[0;32mI (548) MAIN:  Smart Farm ESP32 Gateway  v1.0.0[0m
[0;32mI (553) MAIN:  ESP-IDF v6.0.1[0m
[0;32mI (555) MAIN:  Deep-sleep mode: DISABLED[0m
[0;32mI (559) MAIN: ========================================[0m
[0;32mI (610) MAIN: NVS initialised[0m
[0;32mI (612) SENSOR_STORE: Sensor store ready[0m
[0;32mI (613) uart: queue free spaces: 10[0m
[0;32mI (614) UART_HANDLER: UART2 ready: TX=GPIO17 RX=GPIO16 BAUD=115200[0m
[0;32mI (614) UART_HANDLER: RX task started on core 1[0m
[0;32mI (618) wifi:wifi driver task: 3ffc275c, prio:23, stack:6656, core=0[0m
[0;32mI (645) wifi:wifi firmware version: b37c951[0m
[0;32mI (645) wifi:wifi certification version: v7.0[0m
[0;32mI (645) wifi:config NVS flash: enabled[0m
[0;32mI (646) wifi:config nano formatting: disabled[0m
[0;32mI (650) wifi:Init data frame dynamic rx buffer num: 8[0m
[0;32mI (655) wifi:Init static rx mgmt buffer num: 5[0m
[0;32mI (659) wifi:Init management short buffer num: 32[0m
[0;32mI (663) wifi:Init dynamic tx buffer num: 32[0m
[0;32mI (667) wifi:Init static rx buffer size: 1600[0m
[0;32mI (671) wifi:Init static rx buffer num: 4[0m
[0;32mI (675) wifi:Init dynamic rx buffer num: 8[0m
[0;32mI (680) wifi_init: rx ba win: 6[0m
[0;32mI (681) wifi_init: accept mbox: 6[0m
[0;32mI (684) wifi_init: tcpip mbox: 32[0m
[0;32mI (687) wifi_init: udp mbox: 6[0m
[0;32mI (690) wifi_init: tcp mbox: 6[0m
[0;32mI (693) wifi_init: tcp tx win: 5760[0m
[0;32mI (696) wifi_init: tcp rx win: 5760[0m
[0;32mI (699) wifi_init: tcp mss: 1440[0m
[0;32mI (702) wifi_init: WiFi IRAM OP enabled[0m
[0;32mI (706) wifi_init: WiFi RX IRAM OP enabled[0m
[0;32mI (712) phy_init: phy_version 4863,a3a4459,Oct 28 2025,14:30:06[0m
[0;32mI (791) wifi:mode : sta (78:21:84:9d:ef:2c)[0m
[0;32mI (792) wifi:enable tsf[0m
[0;32mI (796) WIFI_MANAGER: STA started, connecting to "iPhone 14"...[0m
[0;32mI (815) wifi:new:<6,0>, old:<1,0>, ap:<255,255>, sta:<6,0>, prof:1, snd_ch_cfg:0x0[0m
[0;32mI (817) wifi:state: init -> auth (0xb0)[0m
[0;32mI (825) wifi:state: auth -> assoc (0x0)[0m
[0;32mI (834) wifi:state: assoc -> run (0x10)[0m
[0;32mI (873) wifi:connected with iPhone 14, aid = 2, channel 6, BW20, bssid = 7e:56:c1:d2:37:b2[0m
[0;32mI (874) wifi:security: WPA2-PSK, phy: bgn, rssi: -28, cipher(pairwise:0x3, group:0x3), pmf:0[0m
[0;32mI (882) wifi:pm start, type: 1[0m

[0;32mI (883) wifi:dp: 1, bi: 102400, li: 3, scale listen interval from 307200 us to 307200 us[0m
[0;32mI (894) WIFI_MANAGER: Associated with AP[0m
[0;32mI (943) wifi:AP's beacon interval = 102400 us, DTIM period = 1[0m
[0;32mI (1959) esp_netif_handlers: sta ip: 172.20.10.10, mask: 255.255.255.240, gw: 172.20.10.1[0m
[0;32mI (1960) WIFI_MANAGER: Got IP address: 172.20.10.10[0m
[0;32mI (1962) WIFI_MANAGER: Wi-Fi connected successfully[0m
[0;32mI (1974) MQTT_HANDLER: MQTT client started → mqtt://broker.emqx.io:1883 (id=esp32_smart_farm_001)[0m
[0;32mI (1979) WEB_SERVER: HTTP server started on port 80[0m
[0;32mI (1979) WEB_SERVER: Dashboard → http://<ESP32_IP>/[0m
[0;32mI (1984) MAIN: Entering normal publish loop (1 s interval)[0m
[0;32mI (1985) wifi:<ba-add>idx:0 (ifx:0, 7e:56:c1:d2:37:b2), tid:0, ssn:2, winSize:64[0m
[0;32mI (2898) MQTT_HANDLER: Connected to broker: mqtt://broker.emqx.io:1883[0m
[0;32mI (2907) MQTT_HANDLER: Subscribed to command topics[0m
